// Jest Snapshot v1, https://goo.gl/fbAQLP

exports[`AddInfoForm matches snapshot 1`] = `null`;
