// Jest Snapshot v1, https://goo.gl/fbAQLP

exports[`ChatroomMenu matches snapshot 1`] = `null`;
