// Jest Snapshot v1, https://goo.gl/fbAQLP

exports[`Comment matches snapshot 1`] = `null`;
