// Jest Snapshot v1, https://goo.gl/fbAQLP

exports[`CreatePostForm matches snapshot 1`] = `null`;
