// Jest Snapshot v1, https://goo.gl/fbAQLP

exports[`CreateReportForm matches snapshot 1`] = `null`;
