// Jest Snapshot v1, https://goo.gl/fbAQLP

exports[`EditPostForm matches snapshot 1`] = `null`;
