// Jest Snapshot v1, https://goo.gl/fbAQLP

exports[`EditProfileForm matches snapshot 1`] = `null`;
