// Jest Snapshot v1, https://goo.gl/fbAQLP

exports[`ForgotPasswordForm matches snapshot 1`] = `null`;
