// Jest Snapshot v1, https://goo.gl/fbAQLP

exports[`PostBox matches snapshot 1`] = `
<View
  style={
    Object {
      "alignSelf": "center",
      "backgroundColor": "white",
      "borderColor": "#F0F0F0",
      "borderRadius": 10,
      "borderWidth": 1,
      "flexDirection": "column",
      "justifyContent": "center",
      "marginBottom": 10,
      "marginTop": 20,
      "width": "95%",
    }
  }
>
  <View>
    <View
      style={
        Object {
          "flex": 1,
          "flexDirection": "row",
        }
      }
    >
      <View
        style={
          Object {
            "flex": 1,
            "flexDirection": "row",
            "marginTop": 15,
          }
        }
      >
        <Image
          source={1}
          style={
            Object {
              "borderRadius": 28,
              "height": 32,
              "marginHorizontal": 8,
              "marginTop": 4,
              "width": 32,
            }
          }
        />
        <View
          style={
            Object {
              "flexDirection": "column",
            }
          }
        >
          <Text
            style={
              Object {
                "fontSize": 18,
                "fontWeight": "bold",
              }
            }
          >
            testac
          </Text>
          <Text
            style={
              Object {
                "fontSize": 12,
              }
            }
          >
            0:0  1/4/2021
          </Text>
        </View>
      </View>
      <View
        style={
          Object {
            "flex": 1,
            "flexDirection": "column",
          }
        }
      >
        <View
          style={
            Object {
              "justifyContent": "flex-end",
            }
          }
        >
          <View
            accessible={true}
            focusable={false}
            onClick={[Function]}
            onResponderGrant={[Function]}
            onResponderMove={[Function]}
            onResponderRelease={[Function]}
            onResponderTerminate={[Function]}
            onResponderTerminationRequest={[Function]}
            onStartShouldSetResponder={[Function]}
            style={
              Object {
                "alignSelf": "flex-end",
                "margin": 15,
                "opacity": 1,
              }
            }
          >
            <
              icon={
                Object {
                  "icon": Array [
                    512,
                    512,
                    Array [],
                    "f141",
                    "M328 256c0 39.8-32.2 72-72 72s-72-32.2-72-72 32.2-72 72-72 72 32.2 72 72zm104-72c-39.8 0-72 32.2-72 72s32.2 72 72 72 72-32.2 72-72-32.2-72-72-72zm-352 0c-39.8 0-72 32.2-72 72s32.2 72 72 72 72-32.2 72-72-32.2-72-72-72z",
                  ],
                  "iconName": "ellipsis-h",
                  "prefix": "fas",
                }
              }
            />
          </View>
        </View>
      </View>
    </View>
  </View>
  <Text
    style={
      Object {
        "fontSize": 20,
        "fontWeight": "bold",
        "marginHorizontal": 15,
        "marginVertical": 10,
      }
    }
  />
  <Text
    style={
      Object {
        "fontSize": 16,
        "marginHorizontal": 15,
      }
    }
  />
  <View>
    <View>
      <View
        accessible={true}
        focusable={true}
        onClick={[Function]}
        onResponderGrant={[Function]}
        onResponderMove={[Function]}
        onResponderRelease={[Function]}
        onResponderTerminate={[Function]}
        onResponderTerminationRequest={[Function]}
        onStartShouldSetResponder={[Function]}
        style={
          Object {
            "flexDirection": "row",
            "opacity": 1,
          }
        }
      >
        <
          icon={
            Object {
              "icon": Array [
                512,
                512,
                Array [],
                "f164",
                "M104 224H24c-13.255 0-24 10.745-24 24v240c0 13.255 10.745 24 24 24h80c13.255 0 24-10.745 24-24V248c0-13.255-10.745-24-24-24zM64 472c-13.255 0-24-10.745-24-24s10.745-24 24-24 24 10.745 24 24-10.745 24-24 24zM384 81.452c0 42.416-25.97 66.208-33.277 94.548h101.723c33.397 0 59.397 27.746 59.553 58.098.084 17.938-7.546 37.249-19.439 49.197l-.11.11c9.836 23.337 8.237 56.037-9.308 79.469 8.681 25.895-.069 57.704-16.382 74.757 4.298 17.598 2.244 32.575-6.148 44.632C440.202 511.587 389.616 512 346.839 512l-2.845-.001c-48.287-.017-87.806-17.598-119.56-31.725-15.957-7.099-36.821-15.887-52.651-16.178-6.54-.12-11.783-5.457-11.783-11.998v-213.77c0-3.2 1.282-6.271 3.558-8.521 39.614-39.144 56.648-80.587 89.117-113.111 14.804-14.832 20.188-37.236 25.393-58.902C282.515 39.293 291.817 0 312 0c24 0 72 8 72 81.452z",
              ],
              "iconName": "thumbs-up",
              "prefix": "fas",
            }
          }
          style={
            Object {
              "color": "lightgrey",
              "margin": 5,
            }
          }
        />
        <Text
          style={
            Object {
              "alignSelf": "center",
              "marginRight": 15,
            }
          }
        >
          0
        </Text>
      </View>
    </View>
  </View>
  <View>
    <View
      accessible={true}
      focusable={true}
      onClick={[Function]}
      onResponderGrant={[Function]}
      onResponderMove={[Function]}
      onResponderRelease={[Function]}
      onResponderTerminate={[Function]}
      onResponderTerminationRequest={[Function]}
      onStartShouldSetResponder={[Function]}
      style={
        Object {
          "flexDirection": "row",
          "opacity": 1,
        }
      }
    >
      <Text
        style={
          Object {
            "alignSelf": "center",
            "margin": 5,
          }
        }
      >
        Comment
      </Text>
      <
        icon={
          Object {
            "icon": Array [
              512,
              512,
              Array [],
              "f27a",
              "M448 0H64C28.7 0 0 28.7 0 64v288c0 35.3 28.7 64 64 64h96v84c0 9.8 11.2 15.5 19.1 9.7L304 416h144c35.3 0 64-28.7 64-64V64c0-35.3-28.7-64-64-64z",
            ],
            "iconName": "comment-alt",
            "prefix": "fas",
          }
        }
        style={
          Object {
            "margin": 5,
            "marginRight": 5,
          }
        }
      />
    </View>
  </View>
</View>
`;
