// Jest Snapshot v1, https://goo.gl/fbAQLP

exports[`PostContainer matches snapshot 1`] = `<View />`;
