// Jest Snapshot v1, https://goo.gl/fbAQLP

exports[`RegisterForm matches snapshot 1`] = `null`;
