// Jest Snapshot v1, https://goo.gl/fbAQLP

exports[`ResetPasswordForm matches snapshot 1`] = `null`;
